<html>
<body>
<pre>
<h1>礦ision Build Log</h1>
<h2>Project:</h2>
E:\YWCdesktop\GloveSTM32\glove\MPU6050\User\stm32工程.uvproj
Project File Date:  11/23/2016

<h2>Output:</h2>
compiling main.c...
main.c - 0 Error(s), 0 Warning(s).
Build target 'Target 1'
linking...
Program Size: Code=7736 RO-data=336 RW-data=36 ZI-data=1708  
FromELF: creating hex file...
"..\Obj\stm32工程.axf" - 0 Error(s), 0 Warning(s).
Build target 'Target 1'
compiling main.c...
compiling stm32f10x_it.c...
compiling system_stm32f10x.c...
assembling startup_stm32f10x_hd.s...
compiling core_cm3.c...
compiling misc.c...
compiling stm32f10x_adc.c...
compiling stm32f10x_bkp.c...
compiling stm32f10x_can.c...
compiling stm32f10x_cec.c...
compiling stm32f10x_crc.c...
compiling stm32f10x_dac.c...
compiling stm32f10x_dbgmcu.c...
compiling stm32f10x_dma.c...
compiling stm32f10x_exti.c...
compiling stm32f10x_flash.c...
compiling stm32f10x_fsmc.c...
compiling stm32f10x_gpio.c...
compiling stm32f10x_i2c.c...
compiling stm32f10x_iwdg.c...
compiling stm32f10x_pwr.c...
compiling stm32f10x_rcc.c...
compiling stm32f10x_rtc.c...
compiling stm32f10x_sdio.c...
compiling stm32f10x_spi.c...
compiling stm32f10x_tim.c...
compiling stm32f10x_usart.c...
compiling stm32f10x_wwdg.c...
compiling delay.c...
compiling usart.c...
compiling MY_time_Conf.c...
compiling sys.c...
compiling adc.c...
linking...
Program Size: Code=7736 RO-data=336 RW-data=36 ZI-data=1708  
FromELF: creating hex file...
"..\Obj\stm32工程.axf" - 0 Error(s), 0 Warning(s).
compiling main.c...
main.c(108): warning:  #225-D: the format string ends before this argument
main.c:                                   printf("D#%d:%d:%d#%d:2000\n\0",(int)(10 * angle[0]),(int)(10 * angle[1]),(int)(10 * angle[2]), ADC_Value1, ADC_Value2);
main.c:                                                                                                                                               ^
main.c: main.c: 1 warning, 0 errors
main.c - 0 Error(s), 1 Warning(s).
compiling main.c...
main.c - 0 Error(s), 0 Warning(s).
Build target 'Target 1'
linking...
Program Size: Code=7776 RO-data=336 RW-data=36 ZI-data=1708  
FromELF: creating hex file...
"..\Obj\stm32工程.axf" - 0 Error(s), 0 Warning(s).
compiling main.c...
main.c(53): warning:  #223-D: function "ADC1_Init" declared implicitly
main.c:      ADC1_Init();
main.c:      ^
main.c: main.c: 1 warning, 0 errors
main.c - 0 Error(s), 1 Warning(s).
Build target 'Target 1'
linking...
Program Size: Code=8232 RO-data=336 RW-data=36 ZI-data=1708  
FromELF: creating hex file...
"..\Obj\stm32工程.axf" - 0 Error(s), 0 Warning(s).
compiling main.c...
main.c - 0 Error(s), 0 Warning(s).
Build target 'Target 1'
linking...
Program Size: Code=7444 RO-data=336 RW-data=36 ZI-data=1708  
FromELF: creating hex file...
"..\Obj\stm32工程.axf" - 0 Error(s), 0 Warning(s).
